================================================================================
HIGHLIGHTING FEATURE TEST SUITE
================================================================================

📋 TEST 1: Quote Extraction with Direct Quotes
--------------------------------------------------------------------------------
Answer excerpt: 
    Post-earnings announcement drift (PEAD) is a phenomenon where "stocks tend to drift 
    in the...

Extracted 2 quote(s):
  1. "stocks tend to drift 
    in the direction of an earnings surprise"
  2. "the main thing to note is that post-earnings announcement 
    drift is definitely a little bit weaker in super, super, super big market companies 
    like Nvidia."
✅ TEST 1 PASSED: Quotes extracted successfully

📋 TEST 2: Quote Extraction WITHOUT Direct Quotes
--------------------------------------------------------------------------------
Answer excerpt: 
    Post-earnings announcement drift is a phenomenon where stocks tend to drift 
    in the directi...

Extracted 0 quote(s)
✅ TEST 2 PASSED: Correctly found no quotes (AI needs to quote sources)

📋 TEST 3: Highlighting Quotes in Source Content
--------------------------------------------------------------------------------
Source content length: 857 chars
Quote to highlight: "post earnings announcement drift is a thing"
✅ TEST 3 PASSED: Highlighting applied successfully

Highlighted snippet:
...  follow on drift, which Pied is what it's called <mark class="quote-highlight">post earnings announcement drift is a thing</mark>. 
    There's certain conditions that have to be ...

📋 TEST 4: End-to-End Pipeline
--------------------------------------------------------------------------------
Extracted 3 quotes from AI answer
Applied highlighting to source content
Total highlights in final content: 1
✅ TEST 4 PASSED: End-to-end pipeline working

================================================================================
TEST SUMMARY
================================================================================

✅ The highlighting feature requires:
   1. The AI must use "direct quotes" from the source material
   2. The system prompt must instruct the AI to quote sources
   3. Quotes must be at least 15 characters long to avoid noise
   
🔧 Recent fixes applied:
   1. Updated system prompt to instruct AI to quote sources directly
   2. Improved quote extraction with better pattern matching
   3. Enhanced highlighting with fuzzy matching and logging
   4. Added visual header to indicate highlighted quotes
   
📝 To verify in production:
   1. Ask a question in the chat interface
   2. Check the terminal logs for "Extracted X quotes for highlighting"
   3. Look for yellow/blue highlighted text in the source snippets
   4. The highlights should match phrases used in the AI's answer
    
================================================================================
