
================================================================================
TESTING WITH OPENAI
================================================================================
Loading embedding model: all-MiniLM-L6-v2
Loading FAISS index from vector_store/transcript_index.faiss
❌ Error loading vector store: Ran out of input
